// Jest Snapshot v1, https://goo.gl/fbAQLP

exports[`<Home /> component renders without crashing 1`] = `ShallowWrapper {}`;
