// Jest Snapshot v1, https://goo.gl/fbAQLP

exports[`<Loader /> component renders without crashing 1`] = `ShallowWrapper {}`;
