// Jest Snapshot v1, https://goo.gl/fbAQLP

exports[`<Signin /> component renders without crashing 1`] = `ShallowWrapper {}`;
