// Jest Snapshot v1, https://goo.gl/fbAQLP

exports[`<Toast /> component renders without crashing -- no props 1`] = `ShallowWrapper {}`;
